"Build manifest does not match current build.",
        {
  "base": "/app",
  "buildDir": "build"
},
        {
  "base": "/app"
}